2025-05-02 12:56:41 [background-preinit] INFO  o.h.validator.internal.util.Version - HV000001: Hibernate Validator 8.0.1.Final
2025-05-02 12:56:41 [main] INFO  c.marketplace.MarketplaceApplication - Starting MarketplaceApplication using Java 21.0.7 with PID 8752 (C:\marketingTemplate\target\classes started by Lenovo in C:\marketingTemplate)
2025-05-02 12:56:41 [main] DEBUG c.marketplace.MarketplaceApplication - Running with Spring Boot v3.2.3, Spring v6.1.4
2025-05-02 12:56:41 [main] INFO  c.marketplace.MarketplaceApplication - No active profile set, falling back to 1 default profile: "default"
2025-05-02 12:56:42 [main] INFO  o.s.d.r.c.RepositoryConfigurationDelegate - Bootstrapping Spring Data MongoDB repositories in DEFAULT mode.
2025-05-02 12:56:42 [main] INFO  o.s.d.r.c.RepositoryConfigurationDelegate - Finished Spring Data repository scanning in 63 ms. Found 5 MongoDB repository interfaces.
2025-05-02 12:56:43 [main] INFO  o.s.b.w.e.tomcat.TomcatWebServer - Tomcat initialized with port 8080 (http)
2025-05-02 12:56:43 [main] INFO  o.a.coyote.http11.Http11NioProtocol - Initializing ProtocolHandler ["http-nio-8080"]
2025-05-02 12:56:43 [main] INFO  o.a.catalina.core.StandardService - Starting service [Tomcat]
2025-05-02 12:56:43 [main] INFO  o.a.catalina.core.StandardEngine - Starting Servlet engine: [Apache Tomcat/10.1.19]
2025-05-02 12:56:43 [main] INFO  o.a.c.c.C.[Tomcat].[localhost].[/] - Initializing Spring embedded WebApplicationContext
2025-05-02 12:56:43 [main] INFO  o.s.b.w.s.c.ServletWebServerApplicationContext - Root WebApplicationContext: initialization completed in 1392 ms
2025-05-02 12:56:43 [main] INFO  org.mongodb.driver.client - MongoClient with metadata {"application": {"name": "Cluster0"}, "driver": {"name": "mongo-java-driver|sync|spring-boot", "version": "4.11.1"}, "os": {"type": "Windows", "name": "Windows 11", "architecture": "amd64", "version": "10.0"}, "platform": "Java/Eclipse Adoptium/21.0.7+6-LTS"} created with settings MongoClientSettings{readPreference=primary, writeConcern=WriteConcern{w=majority, wTimeout=null ms, journal=null}, retryWrites=true, retryReads=true, readConcern=ReadConcern{level=null}, credential=MongoCredential{mechanism=null, userName='mongodbdummy689', source='admin', password=<hidden>, mechanismProperties=<hidden>}, transportSettings=null, streamFactoryFactory=null, commandListeners=[], codecRegistry=ProvidersCodecRegistry{codecProviders=[ValueCodecProvider{}, BsonValueCodecProvider{}, DBRefCodecProvider{}, DBObjectCodecProvider{}, DocumentCodecProvider{}, CollectionCodecProvider{}, IterableCodecProvider{}, MapCodecProvider{}, GeoJsonCodecProvider{}, GridFSFileCodecProvider{}, Jsr310CodecProvider{}, JsonObjectCodecProvider{}, BsonCodecProvider{}, EnumCodecProvider{}, com.mongodb.client.model.mql.ExpressionCodecProvider@5c53f292, com.mongodb.Jep395RecordCodecProvider@46fb0c33, com.mongodb.KotlinCodecProvider@3b009e7b]}, loggerSettings=LoggerSettings{maxDocumentLength=1000}, clusterSettings={hosts=[127.0.0.1:27017], srvHost=cluster0.oaz4i2d.mongodb.net, srvServiceName=mongodb, mode=MULTIPLE, requiredClusterType=REPLICA_SET, requiredReplicaSetName='atlas-y2z2ke-shard-0', serverSelector='null', clusterListeners='[]', serverSelectionTimeout='30000 ms', localThreshold='15 ms'}, socketSettings=SocketSettings{connectTimeoutMS=10000, readTimeoutMS=0, receiveBufferSize=0, proxySettings=ProxySettings{host=null, port=null, username=null, password=null}}, heartbeatSocketSettings=SocketSettings{connectTimeoutMS=10000, readTimeoutMS=10000, receiveBufferSize=0, proxySettings=ProxySettings{host=null, port=null, username=null, password=null}}, connectionPoolSettings=ConnectionPoolSettings{maxSize=100, minSize=0, maxWaitTimeMS=120000, maxConnectionLifeTimeMS=0, maxConnectionIdleTimeMS=0, maintenanceInitialDelayMS=0, maintenanceFrequencyMS=60000, connectionPoolListeners=[], maxConnecting=2}, serverSettings=ServerSettings{heartbeatFrequencyMS=10000, minHeartbeatFrequencyMS=500, serverListeners='[]', serverMonitorListeners='[]'}, sslSettings=SslSettings{enabled=true, invalidHostNameAllowed=false, context=null}, applicationName='Cluster0', compressorList=[], uuidRepresentation=JAVA_LEGACY, serverApi=null, autoEncryptionSettings=null, dnsClient=null, inetAddressResolver=null, contextProvider=null}
2025-05-02 12:56:45 [cluster-ClusterId{value='681473b358355c61cd7f6fdb', description='Cluster0'}-srv-cluster0.oaz4i2d.mongodb.net] INFO  org.mongodb.driver.cluster - Adding discovered server ac-xefxs9d-shard-00-00.oaz4i2d.mongodb.net:27017 to client view of cluster
2025-05-02 12:56:45 [cluster-ClusterId{value='681473b358355c61cd7f6fdb', description='Cluster0'}-srv-cluster0.oaz4i2d.mongodb.net] INFO  org.mongodb.driver.cluster - Adding discovered server ac-xefxs9d-shard-00-01.oaz4i2d.mongodb.net:27017 to client view of cluster
2025-05-02 12:56:45 [cluster-ClusterId{value='681473b358355c61cd7f6fdb', description='Cluster0'}-srv-cluster0.oaz4i2d.mongodb.net] INFO  org.mongodb.driver.cluster - Adding discovered server ac-xefxs9d-shard-00-02.oaz4i2d.mongodb.net:27017 to client view of cluster
2025-05-02 12:56:46 [cluster-ClusterId{value='681473b358355c61cd7f6fdb', description='Cluster0'}-ac-xefxs9d-shard-00-02.oaz4i2d.mongodb.net:27017] INFO  org.mongodb.driver.cluster - Exception in monitor thread while connecting to server ac-xefxs9d-shard-00-02.oaz4i2d.mongodb.net:27017
com.mongodb.MongoSocketWriteException: Exception sending message
	at com.mongodb.internal.connection.InternalStreamConnection.translateWriteException(InternalStreamConnection.java:714)
	at com.mongodb.internal.connection.InternalStreamConnection.sendMessage(InternalStreamConnection.java:587)
	at com.mongodb.internal.connection.InternalStreamConnection.sendCommandMessage(InternalStreamConnection.java:419)
	at com.mongodb.internal.connection.InternalStreamConnection.sendAndReceive(InternalStreamConnection.java:364)
	at com.mongodb.internal.connection.CommandHelper.sendAndReceive(CommandHelper.java:102)
	at com.mongodb.internal.connection.CommandHelper.executeCommand(CommandHelper.java:49)
	at com.mongodb.internal.connection.InternalStreamConnectionInitializer.initializeConnectionDescription(InternalStreamConnectionInitializer.java:130)
	at com.mongodb.internal.connection.InternalStreamConnectionInitializer.startHandshake(InternalStreamConnectionInitializer.java:78)
	at com.mongodb.internal.connection.InternalStreamConnection.open(InternalStreamConnection.java:213)
	at com.mongodb.internal.connection.DefaultServerMonitor$ServerMonitorRunnable.lookupServerDescription(DefaultServerMonitor.java:196)
	at com.mongodb.internal.connection.DefaultServerMonitor$ServerMonitorRunnable.run(DefaultServerMonitor.java:156)
	at java.base/java.lang.Thread.run(Thread.java:1583)
Caused by: javax.net.ssl.SSLException: Received fatal alert: internal_error
	at java.base/sun.security.ssl.Alert.createSSLException(Alert.java:132)
	at java.base/sun.security.ssl.Alert.createSSLException(Alert.java:117)
	at java.base/sun.security.ssl.TransportContext.fatal(TransportContext.java:370)
	at java.base/sun.security.ssl.Alert$AlertConsumer.consume(Alert.java:287)
	at java.base/sun.security.ssl.TransportContext.dispatch(TransportContext.java:209)
	at java.base/sun.security.ssl.SSLTransport.decode(SSLTransport.java:172)
	at java.base/sun.security.ssl.SSLSocketImpl.decode(SSLSocketImpl.java:1506)
	at java.base/sun.security.ssl.SSLSocketImpl.readHandshakeRecord(SSLSocketImpl.java:1421)
	at java.base/sun.security.ssl.SSLSocketImpl.startHandshake(SSLSocketImpl.java:455)
	at java.base/sun.security.ssl.SSLSocketImpl.ensureNegotiated(SSLSocketImpl.java:922)
	at java.base/sun.security.ssl.SSLSocketImpl$AppOutputStream.write(SSLSocketImpl.java:1291)
	at com.mongodb.internal.connection.SocketStream.write(SocketStream.java:164)
	at com.mongodb.internal.connection.InternalStreamConnection.sendMessage(InternalStreamConnection.java:584)
	... 10 common frames omitted
2025-05-02 12:56:46 [cluster-ClusterId{value='681473b358355c61cd7f6fdb', description='Cluster0'}-ac-xefxs9d-shard-00-00.oaz4i2d.mongodb.net:27017] INFO  org.mongodb.driver.cluster - Exception in monitor thread while connecting to server ac-xefxs9d-shard-00-00.oaz4i2d.mongodb.net:27017
com.mongodb.MongoSocketWriteException: Exception sending message
	at com.mongodb.internal.connection.InternalStreamConnection.translateWriteException(InternalStreamConnection.java:714)
	at com.mongodb.internal.connection.InternalStreamConnection.sendMessage(InternalStreamConnection.java:587)
	at com.mongodb.internal.connection.InternalStreamConnection.sendCommandMessage(InternalStreamConnection.java:419)
	at com.mongodb.internal.connection.InternalStreamConnection.sendAndReceive(InternalStreamConnection.java:364)
	at com.mongodb.internal.connection.CommandHelper.sendAndReceive(CommandHelper.java:102)
	at com.mongodb.internal.connection.CommandHelper.executeCommand(CommandHelper.java:49)
	at com.mongodb.internal.connection.InternalStreamConnectionInitializer.initializeConnectionDescription(InternalStreamConnectionInitializer.java:130)
	at com.mongodb.internal.connection.InternalStreamConnectionInitializer.startHandshake(InternalStreamConnectionInitializer.java:78)
	at com.mongodb.internal.connection.InternalStreamConnection.open(InternalStreamConnection.java:213)
	at com.mongodb.internal.connection.DefaultServerMonitor$ServerMonitorRunnable.lookupServerDescription(DefaultServerMonitor.java:196)
	at com.mongodb.internal.connection.DefaultServerMonitor$ServerMonitorRunnable.run(DefaultServerMonitor.java:156)
	at java.base/java.lang.Thread.run(Thread.java:1583)
Caused by: javax.net.ssl.SSLException: Received fatal alert: internal_error
	at java.base/sun.security.ssl.Alert.createSSLException(Alert.java:132)
	at java.base/sun.security.ssl.Alert.createSSLException(Alert.java:117)
	at java.base/sun.security.ssl.TransportContext.fatal(TransportContext.java:370)
	at java.base/sun.security.ssl.Alert$AlertConsumer.consume(Alert.java:287)
	at java.base/sun.security.ssl.TransportContext.dispatch(TransportContext.java:209)
	at java.base/sun.security.ssl.SSLTransport.decode(SSLTransport.java:172)
	at java.base/sun.security.ssl.SSLSocketImpl.decode(SSLSocketImpl.java:1506)
	at java.base/sun.security.ssl.SSLSocketImpl.readHandshakeRecord(SSLSocketImpl.java:1421)
	at java.base/sun.security.ssl.SSLSocketImpl.startHandshake(SSLSocketImpl.java:455)
	at java.base/sun.security.ssl.SSLSocketImpl.ensureNegotiated(SSLSocketImpl.java:922)
	at java.base/sun.security.ssl.SSLSocketImpl$AppOutputStream.write(SSLSocketImpl.java:1291)
	at com.mongodb.internal.connection.SocketStream.write(SocketStream.java:164)
	at com.mongodb.internal.connection.InternalStreamConnection.sendMessage(InternalStreamConnection.java:584)
	... 10 common frames omitted
2025-05-02 12:56:46 [cluster-ClusterId{value='681473b358355c61cd7f6fdb', description='Cluster0'}-ac-xefxs9d-shard-00-01.oaz4i2d.mongodb.net:27017] INFO  org.mongodb.driver.cluster - Exception in monitor thread while connecting to server ac-xefxs9d-shard-00-01.oaz4i2d.mongodb.net:27017
com.mongodb.MongoSocketWriteException: Exception sending message
	at com.mongodb.internal.connection.InternalStreamConnection.translateWriteException(InternalStreamConnection.java:714)
	at com.mongodb.internal.connection.InternalStreamConnection.sendMessage(InternalStreamConnection.java:587)
	at com.mongodb.internal.connection.InternalStreamConnection.sendCommandMessage(InternalStreamConnection.java:419)
	at com.mongodb.internal.connection.InternalStreamConnection.sendAndReceive(InternalStreamConnection.java:364)
	at com.mongodb.internal.connection.CommandHelper.sendAndReceive(CommandHelper.java:102)
	at com.mongodb.internal.connection.CommandHelper.executeCommand(CommandHelper.java:49)
	at com.mongodb.internal.connection.InternalStreamConnectionInitializer.initializeConnectionDescription(InternalStreamConnectionInitializer.java:130)
	at com.mongodb.internal.connection.InternalStreamConnectionInitializer.startHandshake(InternalStreamConnectionInitializer.java:78)
	at com.mongodb.internal.connection.InternalStreamConnection.open(InternalStreamConnection.java:213)
	at com.mongodb.internal.connection.DefaultServerMonitor$ServerMonitorRunnable.lookupServerDescription(DefaultServerMonitor.java:196)
	at com.mongodb.internal.connection.DefaultServerMonitor$ServerMonitorRunnable.run(DefaultServerMonitor.java:156)
	at java.base/java.lang.Thread.run(Thread.java:1583)
Caused by: javax.net.ssl.SSLException: Received fatal alert: internal_error
	at java.base/sun.security.ssl.Alert.createSSLException(Alert.java:132)
	at java.base/sun.security.ssl.Alert.createSSLException(Alert.java:117)
	at java.base/sun.security.ssl.TransportContext.fatal(TransportContext.java:370)
	at java.base/sun.security.ssl.Alert$AlertConsumer.consume(Alert.java:287)
	at java.base/sun.security.ssl.TransportContext.dispatch(TransportContext.java:209)
	at java.base/sun.security.ssl.SSLTransport.decode(SSLTransport.java:172)
	at java.base/sun.security.ssl.SSLSocketImpl.decode(SSLSocketImpl.java:1506)
	at java.base/sun.security.ssl.SSLSocketImpl.readHandshakeRecord(SSLSocketImpl.java:1421)
	at java.base/sun.security.ssl.SSLSocketImpl.startHandshake(SSLSocketImpl.java:455)
	at java.base/sun.security.ssl.SSLSocketImpl.ensureNegotiated(SSLSocketImpl.java:922)
	at java.base/sun.security.ssl.SSLSocketImpl$AppOutputStream.write(SSLSocketImpl.java:1291)
	at com.mongodb.internal.connection.SocketStream.write(SocketStream.java:164)
	at com.mongodb.internal.connection.InternalStreamConnection.sendMessage(InternalStreamConnection.java:584)
	... 10 common frames omitted
2025-05-02 12:56:46 [main] INFO  com.marketplace.config.MongoConfig - Initializing MongoDB indexes...
2025-05-02 12:56:46 [main] INFO  com.marketplace.config.MongoConfig - Testing MongoDB connection...
2025-05-02 12:56:46 [main] INFO  org.mongodb.driver.cluster - No server chosen by ReadPreferenceServerSelector{readPreference=primary} from cluster description ClusterDescription{type=REPLICA_SET, connectionMode=MULTIPLE, serverDescriptions=[ServerDescription{address=ac-xefxs9d-shard-00-00.oaz4i2d.mongodb.net:27017, type=UNKNOWN, state=CONNECTING, exception={com.mongodb.MongoSocketWriteException: Exception sending message}, caused by {javax.net.ssl.SSLException: Received fatal alert: internal_error}}, ServerDescription{address=ac-xefxs9d-shard-00-01.oaz4i2d.mongodb.net:27017, type=UNKNOWN, state=CONNECTING, exception={com.mongodb.MongoSocketWriteException: Exception sending message}, caused by {javax.net.ssl.SSLException: Received fatal alert: internal_error}}, ServerDescription{address=ac-xefxs9d-shard-00-02.oaz4i2d.mongodb.net:27017, type=UNKNOWN, state=CONNECTING, exception={com.mongodb.MongoSocketWriteException: Exception sending message}, caused by {javax.net.ssl.SSLException: Received fatal alert: internal_error}}]}. Waiting for 30000 ms before timing out
2025-05-02 12:57:16 [main] ERROR com.marketplace.config.MongoConfig - Error initializing MongoDB: Timed out after 30000 ms while waiting for a server that matches ReadPreferenceServerSelector{readPreference=primary}. Client view of cluster state is {type=REPLICA_SET, servers=[{address=ac-xefxs9d-shard-00-00.oaz4i2d.mongodb.net:27017, type=UNKNOWN, state=CONNECTING, exception={com.mongodb.MongoSocketWriteException: Exception sending message}, caused by {javax.net.ssl.SSLException: Received fatal alert: internal_error}}, {address=ac-xefxs9d-shard-00-01.oaz4i2d.mongodb.net:27017, type=UNKNOWN, state=CONNECTING, exception={com.mongodb.MongoSocketWriteException: Exception sending message}, caused by {javax.net.ssl.SSLException: Received fatal alert: internal_error}}, {address=ac-xefxs9d-shard-00-02.oaz4i2d.mongodb.net:27017, type=UNKNOWN, state=CONNECTING, exception={com.mongodb.MongoSocketWriteException: Exception sending message}, caused by {javax.net.ssl.SSLException: Received fatal alert: internal_error}}]
com.mongodb.MongoTimeoutException: Timed out after 30000 ms while waiting for a server that matches ReadPreferenceServerSelector{readPreference=primary}. Client view of cluster state is {type=REPLICA_SET, servers=[{address=ac-xefxs9d-shard-00-00.oaz4i2d.mongodb.net:27017, type=UNKNOWN, state=CONNECTING, exception={com.mongodb.MongoSocketWriteException: Exception sending message}, caused by {javax.net.ssl.SSLException: Received fatal alert: internal_error}}, {address=ac-xefxs9d-shard-00-01.oaz4i2d.mongodb.net:27017, type=UNKNOWN, state=CONNECTING, exception={com.mongodb.MongoSocketWriteException: Exception sending message}, caused by {javax.net.ssl.SSLException: Received fatal alert: internal_error}}, {address=ac-xefxs9d-shard-00-02.oaz4i2d.mongodb.net:27017, type=UNKNOWN, state=CONNECTING, exception={com.mongodb.MongoSocketWriteException: Exception sending message}, caused by {javax.net.ssl.SSLException: Received fatal alert: internal_error}}]
	at com.mongodb.internal.connection.BaseCluster.createTimeoutException(BaseCluster.java:380)
	at com.mongodb.internal.connection.BaseCluster.selectServer(BaseCluster.java:125)
	at com.mongodb.internal.connection.AbstractMultiServerCluster.selectServer(AbstractMultiServerCluster.java:54)
	at com.mongodb.internal.binding.ClusterBinding.getReadConnectionSource(ClusterBinding.java:116)
	at com.mongodb.client.internal.ClientSessionBinding.getConnectionSource(ClientSessionBinding.java:128)
	at com.mongodb.client.internal.ClientSessionBinding.getReadConnectionSource(ClientSessionBinding.java:92)
	at com.mongodb.internal.operation.SyncOperationHelper.withSuppliedResource(SyncOperationHelper.java:144)
	at com.mongodb.internal.operation.SyncOperationHelper.withSourceAndConnection(SyncOperationHelper.java:125)
	at com.mongodb.internal.operation.ListCollectionsOperation.lambda$execute$2(ListCollectionsOperation.java:145)
	at com.mongodb.internal.operation.SyncOperationHelper.lambda$decorateReadWithRetries$12(SyncOperationHelper.java:292)
	at com.mongodb.internal.async.function.RetryingSyncSupplier.get(RetryingSyncSupplier.java:67)
	at com.mongodb.internal.operation.ListCollectionsOperation.execute(ListCollectionsOperation.java:156)
	at com.mongodb.internal.operation.ListCollectionsOperation.execute(ListCollectionsOperation.java:69)
	at com.mongodb.client.internal.MongoClientDelegate$DelegateOperationExecutor.execute(MongoClientDelegate.java:153)
	at com.mongodb.client.internal.MongoIterableImpl.execute(MongoIterableImpl.java:130)
	at com.mongodb.client.internal.MongoIterableImpl.iterator(MongoIterableImpl.java:90)
	at com.mongodb.client.internal.MongoIterableImpl.first(MongoIterableImpl.java:101)
	at com.mongodb.client.internal.MappingIterable.first(MappingIterable.java:53)
	at com.marketplace.config.MongoConfig.initIndexes(MongoConfig.java:36)
	at java.base/jdk.internal.reflect.DirectMethodHandleAccessor.invoke(DirectMethodHandleAccessor.java:103)
	at java.base/java.lang.reflect.Method.invoke(Method.java:580)
	at org.springframework.beans.factory.annotation.InitDestroyAnnotationBeanPostProcessor$LifecycleMethod.invoke(InitDestroyAnnotationBeanPostProcessor.java:457)
	at org.springframework.beans.factory.annotation.InitDestroyAnnotationBeanPostProcessor$LifecycleMetadata.invokeInitMethods(InitDestroyAnnotationBeanPostProcessor.java:401)
	at org.springframework.beans.factory.annotation.InitDestroyAnnotationBeanPostProcessor.postProcessBeforeInitialization(InitDestroyAnnotationBeanPostProcessor.java:219)
	at org.springframework.beans.factory.support.AbstractAutowireCapableBeanFactory.applyBeanPostProcessorsBeforeInitialization(AbstractAutowireCapableBeanFactory.java:422)
	at org.springframework.beans.factory.support.AbstractAutowireCapableBeanFactory.initializeBean(AbstractAutowireCapableBeanFactory.java:1778)
	at org.springframework.beans.factory.support.AbstractAutowireCapableBeanFactory.doCreateBean(AbstractAutowireCapableBeanFactory.java:600)
	at org.springframework.beans.factory.support.AbstractAutowireCapableBeanFactory.createBean(AbstractAutowireCapableBeanFactory.java:522)
	at org.springframework.beans.factory.support.AbstractBeanFactory.lambda$doGetBean$0(AbstractBeanFactory.java:325)
	at org.springframework.beans.factory.support.DefaultSingletonBeanRegistry.getSingleton(DefaultSingletonBeanRegistry.java:234)
	at org.springframework.beans.factory.support.AbstractBeanFactory.doGetBean(AbstractBeanFactory.java:323)
	at org.springframework.beans.factory.support.AbstractBeanFactory.getBean(AbstractBeanFactory.java:199)
	at org.springframework.beans.factory.support.DefaultListableBeanFactory.preInstantiateSingletons(DefaultListableBeanFactory.java:975)
	at org.springframework.context.support.AbstractApplicationContext.finishBeanFactoryInitialization(AbstractApplicationContext.java:959)
	at org.springframework.context.support.AbstractApplicationContext.refresh(AbstractApplicationContext.java:624)
	at org.springframework.boot.web.servlet.context.ServletWebServerApplicationContext.refresh(ServletWebServerApplicationContext.java:146)
	at org.springframework.boot.SpringApplication.refresh(SpringApplication.java:754)
	at org.springframework.boot.SpringApplication.refreshContext(SpringApplication.java:456)
	at org.springframework.boot.SpringApplication.run(SpringApplication.java:334)
	at org.springframework.boot.SpringApplication.run(SpringApplication.java:1354)
	at org.springframework.boot.SpringApplication.run(SpringApplication.java:1343)
	at com.marketplace.MarketplaceApplication.main(MarketplaceApplication.java:9)
2025-05-02 12:57:16 [main] WARN  o.s.b.w.s.c.AnnotationConfigServletWebServerApplicationContext - Exception encountered during context initialization - cancelling refresh attempt: org.springframework.beans.factory.BeanCreationException: Error creating bean with name 'mongoConfig': Invocation of init method failed
2025-05-02 12:57:16 [main] INFO  o.a.catalina.core.StandardService - Stopping service [Tomcat]
2025-05-02 12:57:16 [main] INFO  o.s.b.a.l.ConditionEvaluationReportLogger - 

Error starting ApplicationContext. To display the condition evaluation report re-run your application with 'debug' enabled.
2025-05-02 12:57:16 [main] ERROR o.s.boot.SpringApplication - Application run failed
org.springframework.beans.factory.BeanCreationException: Error creating bean with name 'mongoConfig': Invocation of init method failed
	at org.springframework.beans.factory.annotation.InitDestroyAnnotationBeanPostProcessor.postProcessBeforeInitialization(InitDestroyAnnotationBeanPostProcessor.java:222)
	at org.springframework.beans.factory.support.AbstractAutowireCapableBeanFactory.applyBeanPostProcessorsBeforeInitialization(AbstractAutowireCapableBeanFactory.java:422)
	at org.springframework.beans.factory.support.AbstractAutowireCapableBeanFactory.initializeBean(AbstractAutowireCapableBeanFactory.java:1778)
	at org.springframework.beans.factory.support.AbstractAutowireCapableBeanFactory.doCreateBean(AbstractAutowireCapableBeanFactory.java:600)
	at org.springframework.beans.factory.support.AbstractAutowireCapableBeanFactory.createBean(AbstractAutowireCapableBeanFactory.java:522)
	at org.springframework.beans.factory.support.AbstractBeanFactory.lambda$doGetBean$0(AbstractBeanFactory.java:325)
	at org.springframework.beans.factory.support.DefaultSingletonBeanRegistry.getSingleton(DefaultSingletonBeanRegistry.java:234)
	at org.springframework.beans.factory.support.AbstractBeanFactory.doGetBean(AbstractBeanFactory.java:323)
	at org.springframework.beans.factory.support.AbstractBeanFactory.getBean(AbstractBeanFactory.java:199)
	at org.springframework.beans.factory.support.DefaultListableBeanFactory.preInstantiateSingletons(DefaultListableBeanFactory.java:975)
	at org.springframework.context.support.AbstractApplicationContext.finishBeanFactoryInitialization(AbstractApplicationContext.java:959)
	at org.springframework.context.support.AbstractApplicationContext.refresh(AbstractApplicationContext.java:624)
	at org.springframework.boot.web.servlet.context.ServletWebServerApplicationContext.refresh(ServletWebServerApplicationContext.java:146)
	at org.springframework.boot.SpringApplication.refresh(SpringApplication.java:754)
	at org.springframework.boot.SpringApplication.refreshContext(SpringApplication.java:456)
	at org.springframework.boot.SpringApplication.run(SpringApplication.java:334)
	at org.springframework.boot.SpringApplication.run(SpringApplication.java:1354)
	at org.springframework.boot.SpringApplication.run(SpringApplication.java:1343)
	at com.marketplace.MarketplaceApplication.main(MarketplaceApplication.java:9)
Caused by: com.mongodb.MongoTimeoutException: Timed out after 30000 ms while waiting for a server that matches ReadPreferenceServerSelector{readPreference=primary}. Client view of cluster state is {type=REPLICA_SET, servers=[{address=ac-xefxs9d-shard-00-00.oaz4i2d.mongodb.net:27017, type=UNKNOWN, state=CONNECTING, exception={com.mongodb.MongoSocketWriteException: Exception sending message}, caused by {javax.net.ssl.SSLException: Received fatal alert: internal_error}}, {address=ac-xefxs9d-shard-00-01.oaz4i2d.mongodb.net:27017, type=UNKNOWN, state=CONNECTING, exception={com.mongodb.MongoSocketWriteException: Exception sending message}, caused by {javax.net.ssl.SSLException: Received fatal alert: internal_error}}, {address=ac-xefxs9d-shard-00-02.oaz4i2d.mongodb.net:27017, type=UNKNOWN, state=CONNECTING, exception={com.mongodb.MongoSocketWriteException: Exception sending message}, caused by {javax.net.ssl.SSLException: Received fatal alert: internal_error}}]
	at com.mongodb.internal.connection.BaseCluster.createTimeoutException(BaseCluster.java:380)
	at com.mongodb.internal.connection.BaseCluster.selectServer(BaseCluster.java:125)
	at com.mongodb.internal.connection.AbstractMultiServerCluster.selectServer(AbstractMultiServerCluster.java:54)
	at com.mongodb.internal.binding.ClusterBinding.getReadConnectionSource(ClusterBinding.java:116)
	at com.mongodb.client.internal.ClientSessionBinding.getConnectionSource(ClientSessionBinding.java:128)
	at com.mongodb.client.internal.ClientSessionBinding.getReadConnectionSource(ClientSessionBinding.java:92)
	at com.mongodb.internal.operation.SyncOperationHelper.withSuppliedResource(SyncOperationHelper.java:144)
	at com.mongodb.internal.operation.SyncOperationHelper.withSourceAndConnection(SyncOperationHelper.java:125)
	at com.mongodb.internal.operation.ListCollectionsOperation.lambda$execute$2(ListCollectionsOperation.java:145)
	at com.mongodb.internal.operation.SyncOperationHelper.lambda$decorateReadWithRetries$12(SyncOperationHelper.java:292)
	at com.mongodb.internal.async.function.RetryingSyncSupplier.get(RetryingSyncSupplier.java:67)
	at com.mongodb.internal.operation.ListCollectionsOperation.execute(ListCollectionsOperation.java:156)
	at com.mongodb.internal.operation.ListCollectionsOperation.execute(ListCollectionsOperation.java:69)
	at com.mongodb.client.internal.MongoClientDelegate$DelegateOperationExecutor.execute(MongoClientDelegate.java:153)
	at com.mongodb.client.internal.MongoIterableImpl.execute(MongoIterableImpl.java:130)
	at com.mongodb.client.internal.MongoIterableImpl.iterator(MongoIterableImpl.java:90)
	at com.mongodb.client.internal.MongoIterableImpl.first(MongoIterableImpl.java:101)
	at com.mongodb.client.internal.MappingIterable.first(MappingIterable.java:53)
	at com.marketplace.config.MongoConfig.initIndexes(MongoConfig.java:36)
	at java.base/jdk.internal.reflect.DirectMethodHandleAccessor.invoke(DirectMethodHandleAccessor.java:103)
	at java.base/java.lang.reflect.Method.invoke(Method.java:580)
	at org.springframework.beans.factory.annotation.InitDestroyAnnotationBeanPostProcessor$LifecycleMethod.invoke(InitDestroyAnnotationBeanPostProcessor.java:457)
	at org.springframework.beans.factory.annotation.InitDestroyAnnotationBeanPostProcessor$LifecycleMetadata.invokeInitMethods(InitDestroyAnnotationBeanPostProcessor.java:401)
	at org.springframework.beans.factory.annotation.InitDestroyAnnotationBeanPostProcessor.postProcessBeforeInitialization(InitDestroyAnnotationBeanPostProcessor.java:219)
	... 18 common frames omitted
2025-05-02 13:00:44 [background-preinit] INFO  o.h.validator.internal.util.Version - HV000001: Hibernate Validator 8.0.1.Final
2025-05-02 13:00:44 [main] INFO  c.marketplace.MarketplaceApplication - Starting MarketplaceApplication using Java 21.0.7 with PID 11892 (C:\marketingTemplate\target\classes started by Lenovo in C:\marketingTemplate)
2025-05-02 13:00:44 [main] DEBUG c.marketplace.MarketplaceApplication - Running with Spring Boot v3.2.3, Spring v6.1.4
2025-05-02 13:00:44 [main] INFO  c.marketplace.MarketplaceApplication - No active profile set, falling back to 1 default profile: "default"
2025-05-02 13:00:45 [main] INFO  o.s.d.r.c.RepositoryConfigurationDelegate - Bootstrapping Spring Data MongoDB repositories in DEFAULT mode.
2025-05-02 13:00:45 [main] INFO  o.s.d.r.c.RepositoryConfigurationDelegate - Finished Spring Data repository scanning in 63 ms. Found 5 MongoDB repository interfaces.
2025-05-02 13:00:46 [main] INFO  o.s.b.w.e.tomcat.TomcatWebServer - Tomcat initialized with port 8080 (http)
2025-05-02 13:00:46 [main] INFO  o.a.coyote.http11.Http11NioProtocol - Initializing ProtocolHandler ["http-nio-8080"]
2025-05-02 13:00:46 [main] INFO  o.a.catalina.core.StandardService - Starting service [Tomcat]
2025-05-02 13:00:46 [main] INFO  o.a.catalina.core.StandardEngine - Starting Servlet engine: [Apache Tomcat/10.1.19]
2025-05-02 13:00:46 [main] INFO  o.a.c.c.C.[Tomcat].[localhost].[/] - Initializing Spring embedded WebApplicationContext
2025-05-02 13:00:46 [main] INFO  o.s.b.w.s.c.ServletWebServerApplicationContext - Root WebApplicationContext: initialization completed in 1236 ms
2025-05-02 13:00:46 [main] INFO  org.mongodb.driver.client - MongoClient with metadata {"application": {"name": "Cluster0"}, "driver": {"name": "mongo-java-driver|sync|spring-boot", "version": "4.11.1"}, "os": {"type": "Windows", "name": "Windows 11", "architecture": "amd64", "version": "10.0"}, "platform": "Java/Eclipse Adoptium/21.0.7+6-LTS"} created with settings MongoClientSettings{readPreference=primary, writeConcern=WriteConcern{w=majority, wTimeout=null ms, journal=null}, retryWrites=true, retryReads=true, readConcern=ReadConcern{level=null}, credential=MongoCredential{mechanism=null, userName='mongodbdummy689', source='admin', password=<hidden>, mechanismProperties=<hidden>}, transportSettings=null, streamFactoryFactory=null, commandListeners=[], codecRegistry=ProvidersCodecRegistry{codecProviders=[ValueCodecProvider{}, BsonValueCodecProvider{}, DBRefCodecProvider{}, DBObjectCodecProvider{}, DocumentCodecProvider{}, CollectionCodecProvider{}, IterableCodecProvider{}, MapCodecProvider{}, GeoJsonCodecProvider{}, GridFSFileCodecProvider{}, Jsr310CodecProvider{}, JsonObjectCodecProvider{}, BsonCodecProvider{}, EnumCodecProvider{}, com.mongodb.client.model.mql.ExpressionCodecProvider@c1050f2, com.mongodb.Jep395RecordCodecProvider@67bb4dcd, com.mongodb.KotlinCodecProvider@738d37fc]}, loggerSettings=LoggerSettings{maxDocumentLength=1000}, clusterSettings={hosts=[127.0.0.1:27017], srvHost=cluster0.oaz4i2d.mongodb.net, srvServiceName=mongodb, mode=MULTIPLE, requiredClusterType=REPLICA_SET, requiredReplicaSetName='atlas-y2z2ke-shard-0', serverSelector='null', clusterListeners='[]', serverSelectionTimeout='30000 ms', localThreshold='15 ms'}, socketSettings=SocketSettings{connectTimeoutMS=10000, readTimeoutMS=0, receiveBufferSize=0, proxySettings=ProxySettings{host=null, port=null, username=null, password=null}}, heartbeatSocketSettings=SocketSettings{connectTimeoutMS=10000, readTimeoutMS=10000, receiveBufferSize=0, proxySettings=ProxySettings{host=null, port=null, username=null, password=null}}, connectionPoolSettings=ConnectionPoolSettings{maxSize=100, minSize=0, maxWaitTimeMS=120000, maxConnectionLifeTimeMS=0, maxConnectionIdleTimeMS=0, maintenanceInitialDelayMS=0, maintenanceFrequencyMS=60000, connectionPoolListeners=[], maxConnecting=2}, serverSettings=ServerSettings{heartbeatFrequencyMS=10000, minHeartbeatFrequencyMS=500, serverListeners='[]', serverMonitorListeners='[]'}, sslSettings=SslSettings{enabled=true, invalidHostNameAllowed=false, context=null}, applicationName='Cluster0', compressorList=[], uuidRepresentation=JAVA_LEGACY, serverApi=null, autoEncryptionSettings=null, dnsClient=null, inetAddressResolver=null, contextProvider=null}
2025-05-02 13:00:46 [main] INFO  com.marketplace.config.MongoConfig - Initializing MongoDB indexes...
2025-05-02 13:00:46 [main] INFO  com.marketplace.config.MongoConfig - Testing MongoDB connection...
2025-05-02 13:00:46 [main] INFO  org.mongodb.driver.cluster - No server chosen by ReadPreferenceServerSelector{readPreference=primary} from cluster description ClusterDescription{type=UNKNOWN, connectionMode=MULTIPLE, serverDescriptions=[]}. Waiting for 30000 ms before timing out
2025-05-02 13:00:48 [cluster-ClusterId{value='681474a638e35d143fcc6cc3', description='Cluster0'}-srv-cluster0.oaz4i2d.mongodb.net] INFO  org.mongodb.driver.cluster - Adding discovered server ac-xefxs9d-shard-00-00.oaz4i2d.mongodb.net:27017 to client view of cluster
2025-05-02 13:00:48 [cluster-ClusterId{value='681474a638e35d143fcc6cc3', description='Cluster0'}-srv-cluster0.oaz4i2d.mongodb.net] INFO  org.mongodb.driver.cluster - Adding discovered server ac-xefxs9d-shard-00-01.oaz4i2d.mongodb.net:27017 to client view of cluster
2025-05-02 13:00:48 [cluster-ClusterId{value='681474a638e35d143fcc6cc3', description='Cluster0'}-srv-cluster0.oaz4i2d.mongodb.net] INFO  org.mongodb.driver.cluster - Adding discovered server ac-xefxs9d-shard-00-02.oaz4i2d.mongodb.net:27017 to client view of cluster
2025-05-02 13:00:48 [cluster-ClusterId{value='681474a638e35d143fcc6cc3', description='Cluster0'}-ac-xefxs9d-shard-00-01.oaz4i2d.mongodb.net:27017] INFO  org.mongodb.driver.cluster - Exception in monitor thread while connecting to server ac-xefxs9d-shard-00-01.oaz4i2d.mongodb.net:27017
com.mongodb.MongoSocketWriteException: Exception sending message
	at com.mongodb.internal.connection.InternalStreamConnection.translateWriteException(InternalStreamConnection.java:714)
	at com.mongodb.internal.connection.InternalStreamConnection.sendMessage(InternalStreamConnection.java:587)
	at com.mongodb.internal.connection.InternalStreamConnection.sendCommandMessage(InternalStreamConnection.java:419)
	at com.mongodb.internal.connection.InternalStreamConnection.sendAndReceive(InternalStreamConnection.java:364)
	at com.mongodb.internal.connection.CommandHelper.sendAndReceive(CommandHelper.java:102)
	at com.mongodb.internal.connection.CommandHelper.executeCommand(CommandHelper.java:49)
	at com.mongodb.internal.connection.InternalStreamConnectionInitializer.initializeConnectionDescription(InternalStreamConnectionInitializer.java:130)
	at com.mongodb.internal.connection.InternalStreamConnectionInitializer.startHandshake(InternalStreamConnectionInitializer.java:78)
	at com.mongodb.internal.connection.InternalStreamConnection.open(InternalStreamConnection.java:213)
	at com.mongodb.internal.connection.DefaultServerMonitor$ServerMonitorRunnable.lookupServerDescription(DefaultServerMonitor.java:196)
	at com.mongodb.internal.connection.DefaultServerMonitor$ServerMonitorRunnable.run(DefaultServerMonitor.java:156)
	at java.base/java.lang.Thread.run(Thread.java:1583)
Caused by: javax.net.ssl.SSLException: Received fatal alert: internal_error
	at java.base/sun.security.ssl.Alert.createSSLException(Alert.java:132)
	at java.base/sun.security.ssl.Alert.createSSLException(Alert.java:117)
	at java.base/sun.security.ssl.TransportContext.fatal(TransportContext.java:370)
	at java.base/sun.security.ssl.Alert$AlertConsumer.consume(Alert.java:287)
	at java.base/sun.security.ssl.TransportContext.dispatch(TransportContext.java:209)
	at java.base/sun.security.ssl.SSLTransport.decode(SSLTransport.java:172)
	at java.base/sun.security.ssl.SSLSocketImpl.decode(SSLSocketImpl.java:1506)
	at java.base/sun.security.ssl.SSLSocketImpl.readHandshakeRecord(SSLSocketImpl.java:1421)
	at java.base/sun.security.ssl.SSLSocketImpl.startHandshake(SSLSocketImpl.java:455)
	at java.base/sun.security.ssl.SSLSocketImpl.ensureNegotiated(SSLSocketImpl.java:922)
	at java.base/sun.security.ssl.SSLSocketImpl$AppOutputStream.write(SSLSocketImpl.java:1291)
	at com.mongodb.internal.connection.SocketStream.write(SocketStream.java:164)
	at com.mongodb.internal.connection.InternalStreamConnection.sendMessage(InternalStreamConnection.java:584)
	... 10 common frames omitted
2025-05-02 13:00:48 [cluster-ClusterId{value='681474a638e35d143fcc6cc3', description='Cluster0'}-ac-xefxs9d-shard-00-00.oaz4i2d.mongodb.net:27017] INFO  org.mongodb.driver.cluster - Exception in monitor thread while connecting to server ac-xefxs9d-shard-00-00.oaz4i2d.mongodb.net:27017
com.mongodb.MongoSocketWriteException: Exception sending message
	at com.mongodb.internal.connection.InternalStreamConnection.translateWriteException(InternalStreamConnection.java:714)
	at com.mongodb.internal.connection.InternalStreamConnection.sendMessage(InternalStreamConnection.java:587)
	at com.mongodb.internal.connection.InternalStreamConnection.sendCommandMessage(InternalStreamConnection.java:419)
	at com.mongodb.internal.connection.InternalStreamConnection.sendAndReceive(InternalStreamConnection.java:364)
	at com.mongodb.internal.connection.CommandHelper.sendAndReceive(CommandHelper.java:102)
	at com.mongodb.internal.connection.CommandHelper.executeCommand(CommandHelper.java:49)
	at com.mongodb.internal.connection.InternalStreamConnectionInitializer.initializeConnectionDescription(InternalStreamConnectionInitializer.java:130)
	at com.mongodb.internal.connection.InternalStreamConnectionInitializer.startHandshake(InternalStreamConnectionInitializer.java:78)
	at com.mongodb.internal.connection.InternalStreamConnection.open(InternalStreamConnection.java:213)
	at com.mongodb.internal.connection.DefaultServerMonitor$ServerMonitorRunnable.lookupServerDescription(DefaultServerMonitor.java:196)
	at com.mongodb.internal.connection.DefaultServerMonitor$ServerMonitorRunnable.run(DefaultServerMonitor.java:156)
	at java.base/java.lang.Thread.run(Thread.java:1583)
Caused by: javax.net.ssl.SSLException: Received fatal alert: internal_error
	at java.base/sun.security.ssl.Alert.createSSLException(Alert.java:132)
	at java.base/sun.security.ssl.Alert.createSSLException(Alert.java:117)
	at java.base/sun.security.ssl.TransportContext.fatal(TransportContext.java:370)
	at java.base/sun.security.ssl.Alert$AlertConsumer.consume(Alert.java:287)
	at java.base/sun.security.ssl.TransportContext.dispatch(TransportContext.java:209)
	at java.base/sun.security.ssl.SSLTransport.decode(SSLTransport.java:172)
	at java.base/sun.security.ssl.SSLSocketImpl.decode(SSLSocketImpl.java:1506)
	at java.base/sun.security.ssl.SSLSocketImpl.readHandshakeRecord(SSLSocketImpl.java:1421)
	at java.base/sun.security.ssl.SSLSocketImpl.startHandshake(SSLSocketImpl.java:455)
	at java.base/sun.security.ssl.SSLSocketImpl.ensureNegotiated(SSLSocketImpl.java:922)
	at java.base/sun.security.ssl.SSLSocketImpl$AppOutputStream.write(SSLSocketImpl.java:1291)
	at com.mongodb.internal.connection.SocketStream.write(SocketStream.java:164)
	at com.mongodb.internal.connection.InternalStreamConnection.sendMessage(InternalStreamConnection.java:584)
	... 10 common frames omitted
2025-05-02 13:00:49 [cluster-ClusterId{value='681474a638e35d143fcc6cc3', description='Cluster0'}-ac-xefxs9d-shard-00-02.oaz4i2d.mongodb.net:27017] INFO  org.mongodb.driver.cluster - Exception in monitor thread while connecting to server ac-xefxs9d-shard-00-02.oaz4i2d.mongodb.net:27017
com.mongodb.MongoSocketWriteException: Exception sending message
	at com.mongodb.internal.connection.InternalStreamConnection.translateWriteException(InternalStreamConnection.java:714)
	at com.mongodb.internal.connection.InternalStreamConnection.sendMessage(InternalStreamConnection.java:587)
	at com.mongodb.internal.connection.InternalStreamConnection.sendCommandMessage(InternalStreamConnection.java:419)
	at com.mongodb.internal.connection.InternalStreamConnection.sendAndReceive(InternalStreamConnection.java:364)
	at com.mongodb.internal.connection.CommandHelper.sendAndReceive(CommandHelper.java:102)
	at com.mongodb.internal.connection.CommandHelper.executeCommand(CommandHelper.java:49)
	at com.mongodb.internal.connection.InternalStreamConnectionInitializer.initializeConnectionDescription(InternalStreamConnectionInitializer.java:130)
	at com.mongodb.internal.connection.InternalStreamConnectionInitializer.startHandshake(InternalStreamConnectionInitializer.java:78)
	at com.mongodb.internal.connection.InternalStreamConnection.open(InternalStreamConnection.java:213)
	at com.mongodb.internal.connection.DefaultServerMonitor$ServerMonitorRunnable.lookupServerDescription(DefaultServerMonitor.java:196)
	at com.mongodb.internal.connection.DefaultServerMonitor$ServerMonitorRunnable.run(DefaultServerMonitor.java:156)
	at java.base/java.lang.Thread.run(Thread.java:1583)
Caused by: javax.net.ssl.SSLException: Received fatal alert: internal_error
	at java.base/sun.security.ssl.Alert.createSSLException(Alert.java:132)
	at java.base/sun.security.ssl.Alert.createSSLException(Alert.java:117)
	at java.base/sun.security.ssl.TransportContext.fatal(TransportContext.java:370)
	at java.base/sun.security.ssl.Alert$AlertConsumer.consume(Alert.java:287)
	at java.base/sun.security.ssl.TransportContext.dispatch(TransportContext.java:209)
	at java.base/sun.security.ssl.SSLTransport.decode(SSLTransport.java:172)
	at java.base/sun.security.ssl.SSLSocketImpl.decode(SSLSocketImpl.java:1506)
	at java.base/sun.security.ssl.SSLSocketImpl.readHandshakeRecord(SSLSocketImpl.java:1421)
	at java.base/sun.security.ssl.SSLSocketImpl.startHandshake(SSLSocketImpl.java:455)
	at java.base/sun.security.ssl.SSLSocketImpl.ensureNegotiated(SSLSocketImpl.java:922)
	at java.base/sun.security.ssl.SSLSocketImpl$AppOutputStream.write(SSLSocketImpl.java:1291)
	at com.mongodb.internal.connection.SocketStream.write(SocketStream.java:164)
	at com.mongodb.internal.connection.InternalStreamConnection.sendMessage(InternalStreamConnection.java:584)
	... 10 common frames omitted
2025-05-02 13:01:16 [main] ERROR com.marketplace.config.MongoConfig - Error initializing MongoDB: Timed out after 30000 ms while waiting for a server that matches ReadPreferenceServerSelector{readPreference=primary}. Client view of cluster state is {type=REPLICA_SET, servers=[{address=ac-xefxs9d-shard-00-00.oaz4i2d.mongodb.net:27017, type=UNKNOWN, state=CONNECTING, exception={com.mongodb.MongoSocketWriteException: Exception sending message}, caused by {javax.net.ssl.SSLException: Received fatal alert: internal_error}}, {address=ac-xefxs9d-shard-00-01.oaz4i2d.mongodb.net:27017, type=UNKNOWN, state=CONNECTING, exception={com.mongodb.MongoSocketWriteException: Exception sending message}, caused by {javax.net.ssl.SSLException: Received fatal alert: internal_error}}, {address=ac-xefxs9d-shard-00-02.oaz4i2d.mongodb.net:27017, type=UNKNOWN, state=CONNECTING, exception={com.mongodb.MongoSocketWriteException: Exception sending message}, caused by {javax.net.ssl.SSLException: Received fatal alert: internal_error}}]
com.mongodb.MongoTimeoutException: Timed out after 30000 ms while waiting for a server that matches ReadPreferenceServerSelector{readPreference=primary}. Client view of cluster state is {type=REPLICA_SET, servers=[{address=ac-xefxs9d-shard-00-00.oaz4i2d.mongodb.net:27017, type=UNKNOWN, state=CONNECTING, exception={com.mongodb.MongoSocketWriteException: Exception sending message}, caused by {javax.net.ssl.SSLException: Received fatal alert: internal_error}}, {address=ac-xefxs9d-shard-00-01.oaz4i2d.mongodb.net:27017, type=UNKNOWN, state=CONNECTING, exception={com.mongodb.MongoSocketWriteException: Exception sending message}, caused by {javax.net.ssl.SSLException: Received fatal alert: internal_error}}, {address=ac-xefxs9d-shard-00-02.oaz4i2d.mongodb.net:27017, type=UNKNOWN, state=CONNECTING, exception={com.mongodb.MongoSocketWriteException: Exception sending message}, caused by {javax.net.ssl.SSLException: Received fatal alert: internal_error}}]
	at com.mongodb.internal.connection.BaseCluster.createTimeoutException(BaseCluster.java:380)
	at com.mongodb.internal.connection.BaseCluster.selectServer(BaseCluster.java:125)
	at com.mongodb.internal.connection.AbstractMultiServerCluster.selectServer(AbstractMultiServerCluster.java:54)
	at com.mongodb.internal.binding.ClusterBinding.getReadConnectionSource(ClusterBinding.java:116)
	at com.mongodb.client.internal.ClientSessionBinding.getConnectionSource(ClientSessionBinding.java:128)
	at com.mongodb.client.internal.ClientSessionBinding.getReadConnectionSource(ClientSessionBinding.java:92)
	at com.mongodb.internal.operation.SyncOperationHelper.withSuppliedResource(SyncOperationHelper.java:144)
	at com.mongodb.internal.operation.SyncOperationHelper.withSourceAndConnection(SyncOperationHelper.java:125)
	at com.mongodb.internal.operation.ListCollectionsOperation.lambda$execute$2(ListCollectionsOperation.java:145)
	at com.mongodb.internal.operation.SyncOperationHelper.lambda$decorateReadWithRetries$12(SyncOperationHelper.java:292)
	at com.mongodb.internal.async.function.RetryingSyncSupplier.get(RetryingSyncSupplier.java:67)
	at com.mongodb.internal.operation.ListCollectionsOperation.execute(ListCollectionsOperation.java:156)
	at com.mongodb.internal.operation.ListCollectionsOperation.execute(ListCollectionsOperation.java:69)
	at com.mongodb.client.internal.MongoClientDelegate$DelegateOperationExecutor.execute(MongoClientDelegate.java:153)
	at com.mongodb.client.internal.MongoIterableImpl.execute(MongoIterableImpl.java:130)
	at com.mongodb.client.internal.MongoIterableImpl.iterator(MongoIterableImpl.java:90)
	at com.mongodb.client.internal.MongoIterableImpl.first(MongoIterableImpl.java:101)
	at com.mongodb.client.internal.MappingIterable.first(MappingIterable.java:53)
	at com.marketplace.config.MongoConfig.initIndexes(MongoConfig.java:36)
	at java.base/jdk.internal.reflect.DirectMethodHandleAccessor.invoke(DirectMethodHandleAccessor.java:103)
	at java.base/java.lang.reflect.Method.invoke(Method.java:580)
	at org.springframework.beans.factory.annotation.InitDestroyAnnotationBeanPostProcessor$LifecycleMethod.invoke(InitDestroyAnnotationBeanPostProcessor.java:457)
	at org.springframework.beans.factory.annotation.InitDestroyAnnotationBeanPostProcessor$LifecycleMetadata.invokeInitMethods(InitDestroyAnnotationBeanPostProcessor.java:401)
	at org.springframework.beans.factory.annotation.InitDestroyAnnotationBeanPostProcessor.postProcessBeforeInitialization(InitDestroyAnnotationBeanPostProcessor.java:219)
	at org.springframework.beans.factory.support.AbstractAutowireCapableBeanFactory.applyBeanPostProcessorsBeforeInitialization(AbstractAutowireCapableBeanFactory.java:422)
	at org.springframework.beans.factory.support.AbstractAutowireCapableBeanFactory.initializeBean(AbstractAutowireCapableBeanFactory.java:1778)
	at org.springframework.beans.factory.support.AbstractAutowireCapableBeanFactory.doCreateBean(AbstractAutowireCapableBeanFactory.java:600)
	at org.springframework.beans.factory.support.AbstractAutowireCapableBeanFactory.createBean(AbstractAutowireCapableBeanFactory.java:522)
	at org.springframework.beans.factory.support.AbstractBeanFactory.lambda$doGetBean$0(AbstractBeanFactory.java:325)
	at org.springframework.beans.factory.support.DefaultSingletonBeanRegistry.getSingleton(DefaultSingletonBeanRegistry.java:234)
	at org.springframework.beans.factory.support.AbstractBeanFactory.doGetBean(AbstractBeanFactory.java:323)
	at org.springframework.beans.factory.support.AbstractBeanFactory.getBean(AbstractBeanFactory.java:199)
	at org.springframework.beans.factory.support.DefaultListableBeanFactory.preInstantiateSingletons(DefaultListableBeanFactory.java:975)
	at org.springframework.context.support.AbstractApplicationContext.finishBeanFactoryInitialization(AbstractApplicationContext.java:959)
	at org.springframework.context.support.AbstractApplicationContext.refresh(AbstractApplicationContext.java:624)
	at org.springframework.boot.web.servlet.context.ServletWebServerApplicationContext.refresh(ServletWebServerApplicationContext.java:146)
	at org.springframework.boot.SpringApplication.refresh(SpringApplication.java:754)
	at org.springframework.boot.SpringApplication.refreshContext(SpringApplication.java:456)
	at org.springframework.boot.SpringApplication.run(SpringApplication.java:334)
	at org.springframework.boot.SpringApplication.run(SpringApplication.java:1354)
	at org.springframework.boot.SpringApplication.run(SpringApplication.java:1343)
	at com.marketplace.MarketplaceApplication.main(MarketplaceApplication.java:9)
2025-05-02 13:01:16 [main] WARN  o.s.b.w.s.c.AnnotationConfigServletWebServerApplicationContext - Exception encountered during context initialization - cancelling refresh attempt: org.springframework.beans.factory.BeanCreationException: Error creating bean with name 'mongoConfig': Invocation of init method failed
2025-05-02 13:01:16 [main] INFO  o.a.catalina.core.StandardService - Stopping service [Tomcat]
2025-05-02 13:01:16 [main] INFO  o.s.b.a.l.ConditionEvaluationReportLogger - 

Error starting ApplicationContext. To display the condition evaluation report re-run your application with 'debug' enabled.
2025-05-02 13:01:16 [main] ERROR o.s.boot.SpringApplication - Application run failed
org.springframework.beans.factory.BeanCreationException: Error creating bean with name 'mongoConfig': Invocation of init method failed
	at org.springframework.beans.factory.annotation.InitDestroyAnnotationBeanPostProcessor.postProcessBeforeInitialization(InitDestroyAnnotationBeanPostProcessor.java:222)
	at org.springframework.beans.factory.support.AbstractAutowireCapableBeanFactory.applyBeanPostProcessorsBeforeInitialization(AbstractAutowireCapableBeanFactory.java:422)
	at org.springframework.beans.factory.support.AbstractAutowireCapableBeanFactory.initializeBean(AbstractAutowireCapableBeanFactory.java:1778)
	at org.springframework.beans.factory.support.AbstractAutowireCapableBeanFactory.doCreateBean(AbstractAutowireCapableBeanFactory.java:600)
	at org.springframework.beans.factory.support.AbstractAutowireCapableBeanFactory.createBean(AbstractAutowireCapableBeanFactory.java:522)
	at org.springframework.beans.factory.support.AbstractBeanFactory.lambda$doGetBean$0(AbstractBeanFactory.java:325)
	at org.springframework.beans.factory.support.DefaultSingletonBeanRegistry.getSingleton(DefaultSingletonBeanRegistry.java:234)
	at org.springframework.beans.factory.support.AbstractBeanFactory.doGetBean(AbstractBeanFactory.java:323)
	at org.springframework.beans.factory.support.AbstractBeanFactory.getBean(AbstractBeanFactory.java:199)
	at org.springframework.beans.factory.support.DefaultListableBeanFactory.preInstantiateSingletons(DefaultListableBeanFactory.java:975)
	at org.springframework.context.support.AbstractApplicationContext.finishBeanFactoryInitialization(AbstractApplicationContext.java:959)
	at org.springframework.context.support.AbstractApplicationContext.refresh(AbstractApplicationContext.java:624)
	at org.springframework.boot.web.servlet.context.ServletWebServerApplicationContext.refresh(ServletWebServerApplicationContext.java:146)
	at org.springframework.boot.SpringApplication.refresh(SpringApplication.java:754)
	at org.springframework.boot.SpringApplication.refreshContext(SpringApplication.java:456)
	at org.springframework.boot.SpringApplication.run(SpringApplication.java:334)
	at org.springframework.boot.SpringApplication.run(SpringApplication.java:1354)
	at org.springframework.boot.SpringApplication.run(SpringApplication.java:1343)
	at com.marketplace.MarketplaceApplication.main(MarketplaceApplication.java:9)
Caused by: com.mongodb.MongoTimeoutException: Timed out after 30000 ms while waiting for a server that matches ReadPreferenceServerSelector{readPreference=primary}. Client view of cluster state is {type=REPLICA_SET, servers=[{address=ac-xefxs9d-shard-00-00.oaz4i2d.mongodb.net:27017, type=UNKNOWN, state=CONNECTING, exception={com.mongodb.MongoSocketWriteException: Exception sending message}, caused by {javax.net.ssl.SSLException: Received fatal alert: internal_error}}, {address=ac-xefxs9d-shard-00-01.oaz4i2d.mongodb.net:27017, type=UNKNOWN, state=CONNECTING, exception={com.mongodb.MongoSocketWriteException: Exception sending message}, caused by {javax.net.ssl.SSLException: Received fatal alert: internal_error}}, {address=ac-xefxs9d-shard-00-02.oaz4i2d.mongodb.net:27017, type=UNKNOWN, state=CONNECTING, exception={com.mongodb.MongoSocketWriteException: Exception sending message}, caused by {javax.net.ssl.SSLException: Received fatal alert: internal_error}}]
	at com.mongodb.internal.connection.BaseCluster.createTimeoutException(BaseCluster.java:380)
	at com.mongodb.internal.connection.BaseCluster.selectServer(BaseCluster.java:125)
	at com.mongodb.internal.connection.AbstractMultiServerCluster.selectServer(AbstractMultiServerCluster.java:54)
	at com.mongodb.internal.binding.ClusterBinding.getReadConnectionSource(ClusterBinding.java:116)
	at com.mongodb.client.internal.ClientSessionBinding.getConnectionSource(ClientSessionBinding.java:128)
	at com.mongodb.client.internal.ClientSessionBinding.getReadConnectionSource(ClientSessionBinding.java:92)
	at com.mongodb.internal.operation.SyncOperationHelper.withSuppliedResource(SyncOperationHelper.java:144)
	at com.mongodb.internal.operation.SyncOperationHelper.withSourceAndConnection(SyncOperationHelper.java:125)
	at com.mongodb.internal.operation.ListCollectionsOperation.lambda$execute$2(ListCollectionsOperation.java:145)
	at com.mongodb.internal.operation.SyncOperationHelper.lambda$decorateReadWithRetries$12(SyncOperationHelper.java:292)
	at com.mongodb.internal.async.function.RetryingSyncSupplier.get(RetryingSyncSupplier.java:67)
	at com.mongodb.internal.operation.ListCollectionsOperation.execute(ListCollectionsOperation.java:156)
	at com.mongodb.internal.operation.ListCollectionsOperation.execute(ListCollectionsOperation.java:69)
	at com.mongodb.client.internal.MongoClientDelegate$DelegateOperationExecutor.execute(MongoClientDelegate.java:153)
	at com.mongodb.client.internal.MongoIterableImpl.execute(MongoIterableImpl.java:130)
	at com.mongodb.client.internal.MongoIterableImpl.iterator(MongoIterableImpl.java:90)
	at com.mongodb.client.internal.MongoIterableImpl.first(MongoIterableImpl.java:101)
	at com.mongodb.client.internal.MappingIterable.first(MappingIterable.java:53)
	at com.marketplace.config.MongoConfig.initIndexes(MongoConfig.java:36)
	at java.base/jdk.internal.reflect.DirectMethodHandleAccessor.invoke(DirectMethodHandleAccessor.java:103)
	at java.base/java.lang.reflect.Method.invoke(Method.java:580)
	at org.springframework.beans.factory.annotation.InitDestroyAnnotationBeanPostProcessor$LifecycleMethod.invoke(InitDestroyAnnotationBeanPostProcessor.java:457)
	at org.springframework.beans.factory.annotation.InitDestroyAnnotationBeanPostProcessor$LifecycleMetadata.invokeInitMethods(InitDestroyAnnotationBeanPostProcessor.java:401)
	at org.springframework.beans.factory.annotation.InitDestroyAnnotationBeanPostProcessor.postProcessBeforeInitialization(InitDestroyAnnotationBeanPostProcessor.java:219)
	... 18 common frames omitted
2025-05-02 13:02:17 [background-preinit] INFO  o.h.validator.internal.util.Version - HV000001: Hibernate Validator 8.0.1.Final
2025-05-02 13:02:17 [main] INFO  c.marketplace.MarketplaceApplication - Starting MarketplaceApplication using Java 21.0.7 with PID 13176 (C:\marketingTemplate\target\classes started by Lenovo in C:\marketingTemplate)
2025-05-02 13:02:17 [main] DEBUG c.marketplace.MarketplaceApplication - Running with Spring Boot v3.2.3, Spring v6.1.4
2025-05-02 13:02:17 [main] INFO  c.marketplace.MarketplaceApplication - No active profile set, falling back to 1 default profile: "default"
2025-05-02 13:02:17 [main] INFO  o.s.d.r.c.RepositoryConfigurationDelegate - Bootstrapping Spring Data MongoDB repositories in DEFAULT mode.
2025-05-02 13:02:17 [main] INFO  o.s.d.r.c.RepositoryConfigurationDelegate - Finished Spring Data repository scanning in 48 ms. Found 5 MongoDB repository interfaces.
2025-05-02 13:02:18 [main] INFO  o.s.b.w.e.tomcat.TomcatWebServer - Tomcat initialized with port 8080 (http)
2025-05-02 13:02:18 [main] INFO  o.a.coyote.http11.Http11NioProtocol - Initializing ProtocolHandler ["http-nio-8080"]
2025-05-02 13:02:18 [main] INFO  o.a.catalina.core.StandardService - Starting service [Tomcat]
2025-05-02 13:02:18 [main] INFO  o.a.catalina.core.StandardEngine - Starting Servlet engine: [Apache Tomcat/10.1.19]
2025-05-02 13:02:18 [main] INFO  o.a.c.c.C.[Tomcat].[localhost].[/] - Initializing Spring embedded WebApplicationContext
2025-05-02 13:02:18 [main] INFO  o.s.b.w.s.c.ServletWebServerApplicationContext - Root WebApplicationContext: initialization completed in 1066 ms
2025-05-02 13:02:18 [main] INFO  org.mongodb.driver.client - MongoClient with metadata {"application": {"name": "Cluster0"}, "driver": {"name": "mongo-java-driver|sync|spring-boot", "version": "4.11.1"}, "os": {"type": "Windows", "name": "Windows 11", "architecture": "amd64", "version": "10.0"}, "platform": "Java/Eclipse Adoptium/21.0.7+6-LTS"} created with settings MongoClientSettings{readPreference=primary, writeConcern=WriteConcern{w=majority, wTimeout=null ms, journal=null}, retryWrites=true, retryReads=true, readConcern=ReadConcern{level=null}, credential=MongoCredential{mechanism=null, userName='mongodbdummy689', source='admin', password=<hidden>, mechanismProperties=<hidden>}, transportSettings=null, streamFactoryFactory=null, commandListeners=[], codecRegistry=ProvidersCodecRegistry{codecProviders=[ValueCodecProvider{}, BsonValueCodecProvider{}, DBRefCodecProvider{}, DBObjectCodecProvider{}, DocumentCodecProvider{}, CollectionCodecProvider{}, IterableCodecProvider{}, MapCodecProvider{}, GeoJsonCodecProvider{}, GridFSFileCodecProvider{}, Jsr310CodecProvider{}, JsonObjectCodecProvider{}, BsonCodecProvider{}, EnumCodecProvider{}, com.mongodb.client.model.mql.ExpressionCodecProvider@996a546, com.mongodb.Jep395RecordCodecProvider@4fc165f6, com.mongodb.KotlinCodecProvider@545b5ed0]}, loggerSettings=LoggerSettings{maxDocumentLength=1000}, clusterSettings={hosts=[127.0.0.1:27017], srvHost=cluster0.oaz4i2d.mongodb.net, srvServiceName=mongodb, mode=MULTIPLE, requiredClusterType=REPLICA_SET, requiredReplicaSetName='atlas-y2z2ke-shard-0', serverSelector='null', clusterListeners='[]', serverSelectionTimeout='30000 ms', localThreshold='15 ms'}, socketSettings=SocketSettings{connectTimeoutMS=10000, readTimeoutMS=0, receiveBufferSize=0, proxySettings=ProxySettings{host=null, port=null, username=null, password=null}}, heartbeatSocketSettings=SocketSettings{connectTimeoutMS=10000, readTimeoutMS=10000, receiveBufferSize=0, proxySettings=ProxySettings{host=null, port=null, username=null, password=null}}, connectionPoolSettings=ConnectionPoolSettings{maxSize=100, minSize=0, maxWaitTimeMS=120000, maxConnectionLifeTimeMS=0, maxConnectionIdleTimeMS=0, maintenanceInitialDelayMS=0, maintenanceFrequencyMS=60000, connectionPoolListeners=[], maxConnecting=2}, serverSettings=ServerSettings{heartbeatFrequencyMS=10000, minHeartbeatFrequencyMS=500, serverListeners='[]', serverMonitorListeners='[]'}, sslSettings=SslSettings{enabled=true, invalidHostNameAllowed=false, context=null}, applicationName='Cluster0', compressorList=[], uuidRepresentation=JAVA_LEGACY, serverApi=null, autoEncryptionSettings=null, dnsClient=null, inetAddressResolver=null, contextProvider=null}
2025-05-02 13:02:19 [main] INFO  com.marketplace.config.MongoConfig - Initializing MongoDB indexes...
2025-05-02 13:02:19 [main] INFO  com.marketplace.config.MongoConfig - Testing MongoDB connection...
2025-05-02 13:02:19 [main] INFO  org.mongodb.driver.cluster - No server chosen by ReadPreferenceServerSelector{readPreference=primary} from cluster description ClusterDescription{type=UNKNOWN, connectionMode=MULTIPLE, serverDescriptions=[]}. Waiting for 30000 ms before timing out
2025-05-02 13:02:20 [cluster-ClusterId{value='6814750205c706464f3b1c7e', description='Cluster0'}-srv-cluster0.oaz4i2d.mongodb.net] INFO  org.mongodb.driver.cluster - Adding discovered server ac-xefxs9d-shard-00-00.oaz4i2d.mongodb.net:27017 to client view of cluster
2025-05-02 13:02:20 [cluster-ClusterId{value='6814750205c706464f3b1c7e', description='Cluster0'}-srv-cluster0.oaz4i2d.mongodb.net] INFO  org.mongodb.driver.cluster - Adding discovered server ac-xefxs9d-shard-00-01.oaz4i2d.mongodb.net:27017 to client view of cluster
2025-05-02 13:02:20 [cluster-ClusterId{value='6814750205c706464f3b1c7e', description='Cluster0'}-srv-cluster0.oaz4i2d.mongodb.net] INFO  org.mongodb.driver.cluster - Adding discovered server ac-xefxs9d-shard-00-02.oaz4i2d.mongodb.net:27017 to client view of cluster
2025-05-02 13:02:20 [cluster-ClusterId{value='6814750205c706464f3b1c7e', description='Cluster0'}-ac-xefxs9d-shard-00-01.oaz4i2d.mongodb.net:27017] INFO  org.mongodb.driver.cluster - Monitor thread successfully connected to server with description ServerDescription{address=ac-xefxs9d-shard-00-01.oaz4i2d.mongodb.net:27017, type=REPLICA_SET_PRIMARY, state=CONNECTED, ok=true, minWireVersion=0, maxWireVersion=25, maxDocumentSize=16777216, logicalSessionTimeoutMinutes=30, roundTripTimeNanos=251077700, setName='atlas-y2z2ke-shard-0', canonicalAddress=ac-xefxs9d-shard-00-01.oaz4i2d.mongodb.net:27017, hosts=[ac-xefxs9d-shard-00-00.oaz4i2d.mongodb.net:27017, ac-xefxs9d-shard-00-02.oaz4i2d.mongodb.net:27017, ac-xefxs9d-shard-00-01.oaz4i2d.mongodb.net:27017], passives=[], arbiters=[], primary='ac-xefxs9d-shard-00-01.oaz4i2d.mongodb.net:27017', tagSet=TagSet{[Tag{name='availabilityZone', value='aps1-az3'}, Tag{name='diskState', value='READY'}, Tag{name='nodeType', value='ELECTABLE'}, Tag{name='provider', value='AWS'}, Tag{name='region', value='AP_SOUTH_1'}, Tag{name='workloadType', value='OPERATIONAL'}]}, electionId=7fffffff0000000000000005, setVersion=1, topologyVersion=TopologyVersion{processId=680a75d5faec2a6b4c2a7ba7, counter=6}, lastWriteDate=Fri May 02 13:02:21 IST 2025, lastUpdateTimeNanos=767151589030000}
2025-05-02 13:02:20 [cluster-ClusterId{value='6814750205c706464f3b1c7e', description='Cluster0'}-ac-xefxs9d-shard-00-01.oaz4i2d.mongodb.net:27017] INFO  org.mongodb.driver.cluster - Discovered replica set primary ac-xefxs9d-shard-00-01.oaz4i2d.mongodb.net:27017 with max election id 7fffffff0000000000000005 and max set version 1
2025-05-02 13:02:21 [main] INFO  com.marketplace.config.MongoConfig - MongoDB connection successful!
2025-05-02 13:02:21 [main] INFO  com.marketplace.config.MongoConfig - Creating indexes for User collection...
2025-05-02 13:02:21 [main] INFO  com.marketplace.config.MongoConfig - Creating indexes for Shop collection...
2025-05-02 13:02:21 [main] INFO  com.marketplace.config.MongoConfig - Creating indexes for Post collection...
2025-05-02 13:02:21 [main] INFO  com.marketplace.config.MongoConfig - MongoDB indexes initialized successfully
2025-05-02 13:02:21 [cluster-ClusterId{value='6814750205c706464f3b1c7e', description='Cluster0'}-ac-xefxs9d-shard-00-00.oaz4i2d.mongodb.net:27017] INFO  org.mongodb.driver.cluster - Monitor thread successfully connected to server with description ServerDescription{address=ac-xefxs9d-shard-00-00.oaz4i2d.mongodb.net:27017, type=REPLICA_SET_SECONDARY, state=CONNECTED, ok=true, minWireVersion=0, maxWireVersion=25, maxDocumentSize=16777216, logicalSessionTimeoutMinutes=30, roundTripTimeNanos=73026500, setName='atlas-y2z2ke-shard-0', canonicalAddress=ac-xefxs9d-shard-00-00.oaz4i2d.mongodb.net:27017, hosts=[ac-xefxs9d-shard-00-00.oaz4i2d.mongodb.net:27017, ac-xefxs9d-shard-00-02.oaz4i2d.mongodb.net:27017, ac-xefxs9d-shard-00-01.oaz4i2d.mongodb.net:27017], passives=[], arbiters=[], primary='ac-xefxs9d-shard-00-01.oaz4i2d.mongodb.net:27017', tagSet=TagSet{[Tag{name='availabilityZone', value='aps1-az1'}, Tag{name='diskState', value='READY'}, Tag{name='nodeType', value='ELECTABLE'}, Tag{name='provider', value='AWS'}, Tag{name='region', value='AP_SOUTH_1'}, Tag{name='workloadType', value='OPERATIONAL'}]}, electionId=null, setVersion=1, topologyVersion=TopologyVersion{processId=680a74d094d97f926a4c1979, counter=4}, lastWriteDate=Fri May 02 13:02:21 IST 2025, lastUpdateTimeNanos=767152252290400}
2025-05-02 13:02:21 [cluster-ClusterId{value='6814750205c706464f3b1c7e', description='Cluster0'}-ac-xefxs9d-shard-00-02.oaz4i2d.mongodb.net:27017] INFO  org.mongodb.driver.cluster - Monitor thread successfully connected to server with description ServerDescription{address=ac-xefxs9d-shard-00-02.oaz4i2d.mongodb.net:27017, type=REPLICA_SET_SECONDARY, state=CONNECTED, ok=true, minWireVersion=0, maxWireVersion=25, maxDocumentSize=16777216, logicalSessionTimeoutMinutes=30, roundTripTimeNanos=60786500, setName='atlas-y2z2ke-shard-0', canonicalAddress=ac-xefxs9d-shard-00-02.oaz4i2d.mongodb.net:27017, hosts=[ac-xefxs9d-shard-00-00.oaz4i2d.mongodb.net:27017, ac-xefxs9d-shard-00-02.oaz4i2d.mongodb.net:27017, ac-xefxs9d-shard-00-01.oaz4i2d.mongodb.net:27017], passives=[], arbiters=[], primary='ac-xefxs9d-shard-00-01.oaz4i2d.mongodb.net:27017', tagSet=TagSet{[Tag{name='availabilityZone', value='aps1-az2'}, Tag{name='diskState', value='READY'}, Tag{name='nodeType', value='ELECTABLE'}, Tag{name='provider', value='AWS'}, Tag{name='region', value='AP_SOUTH_1'}, Tag{name='workloadType', value='OPERATIONAL'}]}, electionId=null, setVersion=1, topologyVersion=TopologyVersion{processId=680a76d7fba0038d06fa9050, counter=3}, lastWriteDate=Fri May 02 13:02:21 IST 2025, lastUpdateTimeNanos=767152421396900}
2025-05-02 13:02:21 [main] INFO  o.s.s.web.DefaultSecurityFilterChain - Will secure any request with [org.springframework.security.web.session.DisableEncodeUrlFilter@3b5da0b0, org.springframework.security.web.context.request.async.WebAsyncManagerIntegrationFilter@2c9cafa5, org.springframework.security.web.context.SecurityContextHolderFilter@b1d19ff, org.springframework.security.web.header.HeaderWriterFilter@5a48d186, org.springframework.web.filter.CorsFilter@6c6379c, org.springframework.security.web.csrf.CsrfFilter@20864cd1, org.springframework.security.web.authentication.logout.LogoutFilter@78eafad, org.springframework.security.web.authentication.UsernamePasswordAuthenticationFilter@3ef0e576, org.springframework.security.web.savedrequest.RequestCacheAwareFilter@184de357, org.springframework.security.web.servletapi.SecurityContextHolderAwareRequestFilter@5834198f, org.springframework.security.web.authentication.AnonymousAuthenticationFilter@7df4709e, org.springframework.security.web.access.ExceptionTranslationFilter@273aaab7, org.springframework.security.web.access.intercept.AuthorizationFilter@5d84e363]
2025-05-02 13:02:22 [main] INFO  o.a.coyote.http11.Http11NioProtocol - Starting ProtocolHandler ["http-nio-8080"]
2025-05-02 13:02:22 [main] INFO  o.s.b.w.e.tomcat.TomcatWebServer - Tomcat started on port 8080 (http) with context path ''
2025-05-02 13:02:22 [main] INFO  c.marketplace.MarketplaceApplication - Started MarketplaceApplication in 5.286 seconds (process running for 5.601)
2025-05-02 13:02:22 [main] INFO  c.m.config.DefaultAdminConfig - Admin user(s) already exist in the database
2025-05-02 13:02:26 [http-nio-8080-exec-1] INFO  o.a.c.c.C.[Tomcat].[localhost].[/] - Initializing Spring DispatcherServlet 'dispatcherServlet'
2025-05-02 13:02:26 [http-nio-8080-exec-1] INFO  o.s.web.servlet.DispatcherServlet - Initializing Servlet 'dispatcherServlet'
2025-05-02 13:02:26 [http-nio-8080-exec-1] INFO  o.s.web.servlet.DispatcherServlet - Completed initialization in 0 ms
2025-05-02 13:02:48 [http-nio-8080-exec-5] INFO  c.m.config.CustomUserDetailsService - Loading user by username: admin
2025-05-02 13:02:48 [http-nio-8080-exec-5] INFO  c.m.config.CustomUserDetailsService - Found user: admin, Role: ADMIN
2025-05-02 13:02:48 [http-nio-8080-exec-5] INFO  c.m.config.CustomUserDetailsService - Created authority: ADMIN
2025-05-02 13:03:02 [http-nio-8080-exec-9] INFO  c.m.controller.AdminController - Admin accessing shops management page...
2025-05-02 13:03:02 [http-nio-8080-exec-9] INFO  c.m.controller.AdminController - Retrieving pending shops from database...
2025-05-02 13:03:02 [http-nio-8080-exec-9] INFO  c.m.controller.AdminController - Found 0 pending shops
2025-05-02 13:03:02 [http-nio-8080-exec-9] INFO  c.m.controller.AdminController - Retrieving active shops from database...
2025-05-02 13:03:02 [http-nio-8080-exec-9] INFO  c.m.controller.AdminController - Found 3 active shops
2025-05-02 13:03:02 [http-nio-8080-exec-9] DEBUG c.m.controller.AdminController - Active shop: ID=680cae1c4305691df225710f, Name=Shop1, Status=ACTIVE, Owner=680cae1c4305691df225710e
2025-05-02 13:03:02 [http-nio-8080-exec-9] DEBUG c.m.controller.AdminController - Active shop: ID=680f8c05e426f52ead504ccd, Name=shop2BusinessName, Status=ACTIVE, Owner=680f8c05e426f52ead504ccc
2025-05-02 13:03:02 [http-nio-8080-exec-9] DEBUG c.m.controller.AdminController - Active shop: ID=681202fbce14996507afae93, Name=Shop3BusinessName, Status=ACTIVE, Owner=681202fbce14996507afae92
2025-05-02 13:03:02 [http-nio-8080-exec-9] INFO  c.m.controller.AdminController - Retrieving inactive shops from database...
2025-05-02 13:03:02 [http-nio-8080-exec-9] INFO  c.m.controller.AdminController - Found 0 inactive shops
2025-05-02 13:03:02 [http-nio-8080-exec-9] INFO  c.m.controller.AdminController - Total shops retrieved: 3
2025-05-02 13:03:02 [http-nio-8080-exec-9] INFO  c.m.controller.AdminController - Retrieving shop owner details...
2025-05-02 13:03:02 [http-nio-8080-exec-9] DEBUG c.m.controller.AdminController - Retrieving owner details for shop ID: 680cae1c4305691df225710f
2025-05-02 13:03:02 [http-nio-8080-exec-9] DEBUG c.m.controller.AdminController - Owner details retrieved for shop ID: 680cae1c4305691df225710f, Owner: shop1, Email: shop1@gmail
2025-05-02 13:03:02 [http-nio-8080-exec-9] DEBUG c.m.controller.AdminController - Retrieving owner details for shop ID: 680f8c05e426f52ead504ccd
2025-05-02 13:03:02 [http-nio-8080-exec-9] DEBUG c.m.controller.AdminController - Owner details retrieved for shop ID: 680f8c05e426f52ead504ccd, Owner: shop2, Email: shop2@gmail
2025-05-02 13:03:02 [http-nio-8080-exec-9] DEBUG c.m.controller.AdminController - Retrieving owner details for shop ID: 681202fbce14996507afae93
2025-05-02 13:03:02 [http-nio-8080-exec-9] DEBUG c.m.controller.AdminController - Owner details retrieved for shop ID: 681202fbce14996507afae93, Owner: shop3, Email: shop3@gmail
2025-05-02 13:03:02 [http-nio-8080-exec-9] INFO  c.m.controller.AdminController - Retrieved owner details for 3 shops
2025-05-02 13:03:02 [http-nio-8080-exec-9] DEBUG c.m.controller.AdminController - Model attributes:
2025-05-02 13:03:02 [http-nio-8080-exec-9] DEBUG c.m.controller.AdminController - - pendingShops size: 0
2025-05-02 13:03:02 [http-nio-8080-exec-9] DEBUG c.m.controller.AdminController - - activeShops size: 3
2025-05-02 13:03:02 [http-nio-8080-exec-9] DEBUG c.m.controller.AdminController - - inactiveShops size: 0
2025-05-02 13:03:02 [http-nio-8080-exec-9] DEBUG c.m.controller.AdminController - - allShops size: 3
2025-05-02 13:03:02 [http-nio-8080-exec-9] DEBUG c.m.controller.AdminController - - shopOwners size: 3
2025-05-02 13:03:02 [http-nio-8080-exec-9] INFO  c.m.controller.AdminController - Admin shops page loaded successfully with 3 total shops and 3 shop owners
2025-05-02 13:03:03 [http-nio-8080-exec-8] INFO  c.m.controller.AdminController - Loading admin posts page...
2025-05-02 13:03:03 [http-nio-8080-exec-8] INFO  c.m.controller.AdminController - Regular posts loaded: 4
2025-05-02 13:03:03 [http-nio-8080-exec-8] INFO  c.m.controller.AdminController - Donation posts loaded: 1
2025-05-02 13:03:03 [http-nio-8080-exec-8] INFO  c.m.controller.AdminController - Admin posts page loaded successfully with 4 regular posts and 1 donation posts
2025-05-02 13:04:38 [http-nio-8080-exec-6] INFO  c.m.controller.AdminController - Loading users page...
2025-05-02 13:04:38 [http-nio-8080-exec-6] INFO  c.m.controller.AdminController - Users page loaded successfully
2025-05-02 13:04:40 [http-nio-8080-exec-7] INFO  c.m.controller.AdminController - Loading admin posts page...
2025-05-02 13:04:40 [http-nio-8080-exec-7] INFO  c.m.controller.AdminController - Regular posts loaded: 4
2025-05-02 13:04:40 [http-nio-8080-exec-7] INFO  c.m.controller.AdminController - Donation posts loaded: 1
2025-05-02 13:04:40 [http-nio-8080-exec-7] INFO  c.m.controller.AdminController - Admin posts page loaded successfully with 4 regular posts and 1 donation posts
2025-05-02 13:04:41 [http-nio-8080-exec-5] INFO  c.m.controller.AdminController - Admin accessing shops management page...
2025-05-02 13:04:41 [http-nio-8080-exec-5] INFO  c.m.controller.AdminController - Retrieving pending shops from database...
2025-05-02 13:04:41 [http-nio-8080-exec-5] INFO  c.m.controller.AdminController - Found 0 pending shops
2025-05-02 13:04:41 [http-nio-8080-exec-5] INFO  c.m.controller.AdminController - Retrieving active shops from database...
2025-05-02 13:04:41 [http-nio-8080-exec-5] INFO  c.m.controller.AdminController - Found 3 active shops
2025-05-02 13:04:41 [http-nio-8080-exec-5] DEBUG c.m.controller.AdminController - Active shop: ID=680cae1c4305691df225710f, Name=Shop1, Status=ACTIVE, Owner=680cae1c4305691df225710e
2025-05-02 13:04:41 [http-nio-8080-exec-5] DEBUG c.m.controller.AdminController - Active shop: ID=680f8c05e426f52ead504ccd, Name=shop2BusinessName, Status=ACTIVE, Owner=680f8c05e426f52ead504ccc
2025-05-02 13:04:41 [http-nio-8080-exec-5] DEBUG c.m.controller.AdminController - Active shop: ID=681202fbce14996507afae93, Name=Shop3BusinessName, Status=ACTIVE, Owner=681202fbce14996507afae92
2025-05-02 13:04:41 [http-nio-8080-exec-5] INFO  c.m.controller.AdminController - Retrieving inactive shops from database...
2025-05-02 13:04:41 [http-nio-8080-exec-5] INFO  c.m.controller.AdminController - Found 0 inactive shops
2025-05-02 13:04:41 [http-nio-8080-exec-5] INFO  c.m.controller.AdminController - Total shops retrieved: 3
2025-05-02 13:04:41 [http-nio-8080-exec-5] INFO  c.m.controller.AdminController - Retrieving shop owner details...
2025-05-02 13:04:41 [http-nio-8080-exec-5] DEBUG c.m.controller.AdminController - Retrieving owner details for shop ID: 680cae1c4305691df225710f
2025-05-02 13:04:41 [http-nio-8080-exec-5] DEBUG c.m.controller.AdminController - Owner details retrieved for shop ID: 680cae1c4305691df225710f, Owner: shop1, Email: shop1@gmail
2025-05-02 13:04:41 [http-nio-8080-exec-5] DEBUG c.m.controller.AdminController - Retrieving owner details for shop ID: 680f8c05e426f52ead504ccd
2025-05-02 13:04:41 [http-nio-8080-exec-5] DEBUG c.m.controller.AdminController - Owner details retrieved for shop ID: 680f8c05e426f52ead504ccd, Owner: shop2, Email: shop2@gmail
2025-05-02 13:04:41 [http-nio-8080-exec-5] DEBUG c.m.controller.AdminController - Retrieving owner details for shop ID: 681202fbce14996507afae93
2025-05-02 13:04:41 [http-nio-8080-exec-5] DEBUG c.m.controller.AdminController - Owner details retrieved for shop ID: 681202fbce14996507afae93, Owner: shop3, Email: shop3@gmail
2025-05-02 13:04:41 [http-nio-8080-exec-5] INFO  c.m.controller.AdminController - Retrieved owner details for 3 shops
2025-05-02 13:04:41 [http-nio-8080-exec-5] DEBUG c.m.controller.AdminController - Model attributes:
2025-05-02 13:04:41 [http-nio-8080-exec-5] DEBUG c.m.controller.AdminController - - pendingShops size: 0
2025-05-02 13:04:41 [http-nio-8080-exec-5] DEBUG c.m.controller.AdminController - - activeShops size: 3
2025-05-02 13:04:41 [http-nio-8080-exec-5] DEBUG c.m.controller.AdminController - - inactiveShops size: 0
2025-05-02 13:04:41 [http-nio-8080-exec-5] DEBUG c.m.controller.AdminController - - allShops size: 3
2025-05-02 13:04:41 [http-nio-8080-exec-5] DEBUG c.m.controller.AdminController - - shopOwners size: 3
2025-05-02 13:04:41 [http-nio-8080-exec-5] INFO  c.m.controller.AdminController - Admin shops page loaded successfully with 3 total shops and 3 shop owners
2025-05-02 13:04:42 [http-nio-8080-exec-2] INFO  c.m.controller.AdminController - Loading users page...
2025-05-02 13:04:42 [http-nio-8080-exec-2] INFO  c.m.controller.AdminController - Users page loaded successfully
2025-05-02 13:05:03 [http-nio-8080-exec-3] INFO  c.m.controller.AdminController - Loading admin posts page...
2025-05-02 13:05:03 [http-nio-8080-exec-3] INFO  c.m.controller.AdminController - Regular posts loaded: 4
2025-05-02 13:05:03 [http-nio-8080-exec-3] INFO  c.m.controller.AdminController - Donation posts loaded: 1
2025-05-02 13:05:03 [http-nio-8080-exec-3] INFO  c.m.controller.AdminController - Admin posts page loaded successfully with 4 regular posts and 1 donation posts
2025-05-02 13:05:18 [http-nio-8080-exec-6] INFO  c.m.controller.AdminController - Admin accessing shops management page...
2025-05-02 13:05:18 [http-nio-8080-exec-6] INFO  c.m.controller.AdminController - Retrieving pending shops from database...
2025-05-02 13:05:18 [http-nio-8080-exec-6] INFO  c.m.controller.AdminController - Found 0 pending shops
2025-05-02 13:05:18 [http-nio-8080-exec-6] INFO  c.m.controller.AdminController - Retrieving active shops from database...
2025-05-02 13:05:18 [http-nio-8080-exec-6] INFO  c.m.controller.AdminController - Found 3 active shops
2025-05-02 13:05:18 [http-nio-8080-exec-6] DEBUG c.m.controller.AdminController - Active shop: ID=680cae1c4305691df225710f, Name=Shop1, Status=ACTIVE, Owner=680cae1c4305691df225710e
2025-05-02 13:05:18 [http-nio-8080-exec-6] DEBUG c.m.controller.AdminController - Active shop: ID=680f8c05e426f52ead504ccd, Name=shop2BusinessName, Status=ACTIVE, Owner=680f8c05e426f52ead504ccc
2025-05-02 13:05:18 [http-nio-8080-exec-6] DEBUG c.m.controller.AdminController - Active shop: ID=681202fbce14996507afae93, Name=Shop3BusinessName, Status=ACTIVE, Owner=681202fbce14996507afae92
2025-05-02 13:05:18 [http-nio-8080-exec-6] INFO  c.m.controller.AdminController - Retrieving inactive shops from database...
2025-05-02 13:05:18 [http-nio-8080-exec-6] INFO  c.m.controller.AdminController - Found 0 inactive shops
2025-05-02 13:05:18 [http-nio-8080-exec-6] INFO  c.m.controller.AdminController - Total shops retrieved: 3
2025-05-02 13:05:18 [http-nio-8080-exec-6] INFO  c.m.controller.AdminController - Retrieving shop owner details...
2025-05-02 13:05:18 [http-nio-8080-exec-6] DEBUG c.m.controller.AdminController - Retrieving owner details for shop ID: 680cae1c4305691df225710f
2025-05-02 13:05:18 [http-nio-8080-exec-6] DEBUG c.m.controller.AdminController - Owner details retrieved for shop ID: 680cae1c4305691df225710f, Owner: shop1, Email: shop1@gmail
2025-05-02 13:05:18 [http-nio-8080-exec-6] DEBUG c.m.controller.AdminController - Retrieving owner details for shop ID: 680f8c05e426f52ead504ccd
2025-05-02 13:05:18 [http-nio-8080-exec-6] DEBUG c.m.controller.AdminController - Owner details retrieved for shop ID: 680f8c05e426f52ead504ccd, Owner: shop2, Email: shop2@gmail
2025-05-02 13:05:18 [http-nio-8080-exec-6] DEBUG c.m.controller.AdminController - Retrieving owner details for shop ID: 681202fbce14996507afae93
2025-05-02 13:05:18 [http-nio-8080-exec-6] DEBUG c.m.controller.AdminController - Owner details retrieved for shop ID: 681202fbce14996507afae93, Owner: shop3, Email: shop3@gmail
2025-05-02 13:05:18 [http-nio-8080-exec-6] INFO  c.m.controller.AdminController - Retrieved owner details for 3 shops
2025-05-02 13:05:18 [http-nio-8080-exec-6] DEBUG c.m.controller.AdminController - Model attributes:
2025-05-02 13:05:18 [http-nio-8080-exec-6] DEBUG c.m.controller.AdminController - - pendingShops size: 0
2025-05-02 13:05:18 [http-nio-8080-exec-6] DEBUG c.m.controller.AdminController - - activeShops size: 3
2025-05-02 13:05:18 [http-nio-8080-exec-6] DEBUG c.m.controller.AdminController - - inactiveShops size: 0
2025-05-02 13:05:18 [http-nio-8080-exec-6] DEBUG c.m.controller.AdminController - - allShops size: 3
2025-05-02 13:05:18 [http-nio-8080-exec-6] DEBUG c.m.controller.AdminController - - shopOwners size: 3
2025-05-02 13:05:18 [http-nio-8080-exec-6] INFO  c.m.controller.AdminController - Admin shops page loaded successfully with 3 total shops and 3 shop owners
2025-05-02 13:05:36 [http-nio-8080-exec-7] INFO  c.m.controller.AdminController - Loading admin posts page...
2025-05-02 13:05:36 [http-nio-8080-exec-7] INFO  c.m.controller.AdminController - Regular posts loaded: 4
2025-05-02 13:05:36 [http-nio-8080-exec-7] INFO  c.m.controller.AdminController - Donation posts loaded: 1
2025-05-02 13:05:36 [http-nio-8080-exec-7] INFO  c.m.controller.AdminController - Admin posts page loaded successfully with 4 regular posts and 1 donation posts
